// Jest Snapshot v1, https://goo.gl/fbAQLP

exports[`NewCardForm that it matches an existing snapshot 1`] = `
<article
  className="new-card"
>
  <section
    className="new-card__content"
  >
    <select
      className="new-card-form__form-select"
      defaultValue="heart_eyes"
      name="emoji"
      onChange={[Function]}
    >
      <option
        className="card__content-emoji"
        key="0"
        value=""
      />
      <option
        className="card__content-emoji"
        key="1"
        value="100"
      >
        💯
      </option>
      <option
        className="card__content-emoji"
        key="2"
        value="1234"
      >
        🔢
      </option>
      <option
        className="card__content-emoji"
        key="3"
        value="grinning"
      >
        😀
      </option>
      <option
        className="card__content-emoji"
        key="4"
        value="grimacing"
      >
        😬
      </option>
      <option
        className="card__content-emoji"
        key="5"
        value="grin"
      >
        😁
      </option>
      <option
        className="card__content-emoji"
        key="6"
        value="joy"
      >
        😂
      </option>
      <option
        className="card__content-emoji"
        key="7"
        value="rofl"
      >
        🤣
      </option>
      <option
        className="card__content-emoji"
        key="8"
        value="smiley"
      >
        😃
      </option>
      <option
        className="card__content-emoji"
        key="9"
        value="smile"
      >
        😄
      </option>
      <option
        className="card__content-emoji"
        key="10"
        value="sweat_smile"
      >
        😅
      </option>
      <option
        className="card__content-emoji"
        key="11"
        value="laughing"
      >
        😆
      </option>
      <option
        className="card__content-emoji"
        key="12"
        value="innocent"
      >
        😇
      </option>
      <option
        className="card__content-emoji"
        key="13"
        value="wink"
      >
        😉
      </option>
      <option
        className="card__content-emoji"
        key="14"
        value="blush"
      >
        😊
      </option>
      <option
        className="card__content-emoji"
        key="15"
        value="slightly_smiling_face"
      >
        🙂
      </option>
      <option
        className="card__content-emoji"
        key="16"
        value="upside_down_face"
      >
        🙃
      </option>
      <option
        className="card__content-emoji"
        key="17"
        value="relaxed"
      >
        ☺️
      </option>
      <option
        className="card__content-emoji"
        key="18"
        value="yum"
      >
        😋
      </option>
      <option
        className="card__content-emoji"
        key="19"
        value="relieved"
      >
        😌
      </option>
      <option
        className="card__content-emoji"
        key="20"
        value="heart_eyes"
      >
        😍
      </option>
      <option
        className="card__content-emoji"
        key="21"
        value="kissing_heart"
      >
        😘
      </option>
      <option
        className="card__content-emoji"
        key="22"
        value="kissing"
      >
        😗
      </option>
      <option
        className="card__content-emoji"
        key="23"
        value="kissing_smiling_eyes"
      >
        😙
      </option>
      <option
        className="card__content-emoji"
        key="24"
        value="kissing_closed_eyes"
      >
        😚
      </option>
      <option
        className="card__content-emoji"
        key="25"
        value="stuck_out_tongue_winking_eye"
      >
        😜
      </option>
      <option
        className="card__content-emoji"
        key="26"
        value="zany"
      >
        🤪
      </option>
      <option
        className="card__content-emoji"
        key="27"
        value="raised_eyebrow"
      >
        🤨
      </option>
      <option
        className="card__content-emoji"
        key="28"
        value="monocle"
      >
        🧐
      </option>
      <option
        className="card__content-emoji"
        key="29"
        value="stuck_out_tongue_closed_eyes"
      >
        😝
      </option>
      <option
        className="card__content-emoji"
        key="30"
        value="stuck_out_tongue"
      >
        😛
      </option>
      <option
        className="card__content-emoji"
        key="31"
        value="money_mouth_face"
      >
        🤑
      </option>
      <option
        className="card__content-emoji"
        key="32"
        value="nerd_face"
      >
        🤓
      </option>
      <option
        className="card__content-emoji"
        key="33"
        value="sunglasses"
      >
        😎
      </option>
      <option
        className="card__content-emoji"
        key="34"
        value="star_struck"
      >
        🤩
      </option>
      <option
        className="card__content-emoji"
        key="35"
        value="clown_face"
      >
        🤡
      </option>
      <option
        className="card__content-emoji"
        key="36"
        value="cowboy_hat_face"
      >
        🤠
      </option>
      <option
        className="card__content-emoji"
        key="37"
        value="hugs"
      >
        🤗
      </option>
      <option
        className="card__content-emoji"
        key="38"
        value="smirk"
      >
        😏
      </option>
      <option
        className="card__content-emoji"
        key="39"
        value="no_mouth"
      >
        😶
      </option>
      <option
        className="card__content-emoji"
        key="40"
        value="neutral_face"
      >
        😐
      </option>
      <option
        className="card__content-emoji"
        key="41"
        value="expressionless"
      >
        😑
      </option>
      <option
        className="card__content-emoji"
        key="42"
        value="unamused"
      >
        😒
      </option>
      <option
        className="card__content-emoji"
        key="43"
        value="roll_eyes"
      >
        🙄
      </option>
      <option
        className="card__content-emoji"
        key="44"
        value="thinking"
      >
        🤔
      </option>
      <option
        className="card__content-emoji"
        key="45"
        value="lying_face"
      >
        🤥
      </option>
      <option
        className="card__content-emoji"
        key="46"
        value="hand_over_mouth"
      >
        🤭
      </option>
      <option
        className="card__content-emoji"
        key="47"
        value="shushing"
      >
        🤫
      </option>
      <option
        className="card__content-emoji"
        key="48"
        value="symbols_over_mouth"
      >
        🤬
      </option>
      <option
        className="card__content-emoji"
        key="49"
        value="exploding_head"
      >
        🤯
      </option>
      <option
        className="card__content-emoji"
        key="50"
        value="flushed"
      >
        😳
      </option>
      <option
        className="card__content-emoji"
        key="51"
        value="disappointed"
      >
        😞
      </option>
      <option
        className="card__content-emoji"
        key="52"
        value="worried"
      >
        😟
      </option>
      <option
        className="card__content-emoji"
        key="53"
        value="angry"
      >
        😠
      </option>
      <option
        className="card__content-emoji"
        key="54"
        value="rage"
      >
        😡
      </option>
      <option
        className="card__content-emoji"
        key="55"
        value="pensive"
      >
        😔
      </option>
      <option
        className="card__content-emoji"
        key="56"
        value="confused"
      >
        😕
      </option>
      <option
        className="card__content-emoji"
        key="57"
        value="slightly_frowning_face"
      >
        🙁
      </option>
      <option
        className="card__content-emoji"
        key="58"
        value="frowning_face"
      >
        ☹
      </option>
      <option
        className="card__content-emoji"
        key="59"
        value="persevere"
      >
        😣
      </option>
      <option
        className="card__content-emoji"
        key="60"
        value="confounded"
      >
        😖
      </option>
      <option
        className="card__content-emoji"
        key="61"
        value="tired_face"
      >
        😫
      </option>
      <option
        className="card__content-emoji"
        key="62"
        value="weary"
      >
        😩
      </option>
      <option
        className="card__content-emoji"
        key="63"
        value="triumph"
      >
        😤
      </option>
      <option
        className="card__content-emoji"
        key="64"
        value="open_mouth"
      >
        😮
      </option>
      <option
        className="card__content-emoji"
        key="65"
        value="scream"
      >
        😱
      </option>
      <option
        className="card__content-emoji"
        key="66"
        value="fearful"
      >
        😨
      </option>
      <option
        className="card__content-emoji"
        key="67"
        value="cold_sweat"
      >
        😰
      </option>
      <option
        className="card__content-emoji"
        key="68"
        value="hushed"
      >
        😯
      </option>
      <option
        className="card__content-emoji"
        key="69"
        value="frowning"
      >
        😦
      </option>
      <option
        className="card__content-emoji"
        key="70"
        value="anguished"
      >
        😧
      </option>
      <option
        className="card__content-emoji"
        key="71"
        value="cry"
      >
        😢
      </option>
      <option
        className="card__content-emoji"
        key="72"
        value="disappointed_relieved"
      >
        😥
      </option>
      <option
        className="card__content-emoji"
        key="73"
        value="drooling_face"
      >
        🤤
      </option>
      <option
        className="card__content-emoji"
        key="74"
        value="sleepy"
      >
        😪
      </option>
      <option
        className="card__content-emoji"
        key="75"
        value="sweat"
      >
        😓
      </option>
      <option
        className="card__content-emoji"
        key="76"
        value="sob"
      >
        😭
      </option>
      <option
        className="card__content-emoji"
        key="77"
        value="dizzy_face"
      >
        😵
      </option>
      <option
        className="card__content-emoji"
        key="78"
        value="astonished"
      >
        😲
      </option>
      <option
        className="card__content-emoji"
        key="79"
        value="zipper_mouth_face"
      >
        🤐
      </option>
      <option
        className="card__content-emoji"
        key="80"
        value="nauseated_face"
      >
        🤢
      </option>
      <option
        className="card__content-emoji"
        key="81"
        value="sneezing_face"
      >
        🤧
      </option>
      <option
        className="card__content-emoji"
        key="82"
        value="vomiting"
      >
        🤮
      </option>
      <option
        className="card__content-emoji"
        key="83"
        value="mask"
      >
        😷
      </option>
      <option
        className="card__content-emoji"
        key="84"
        value="face_with_thermometer"
      >
        🤒
      </option>
      <option
        className="card__content-emoji"
        key="85"
        value="face_with_head_bandage"
      >
        🤕
      </option>
      <option
        className="card__content-emoji"
        key="86"
        value="sleeping"
      >
        😴
      </option>
      <option
        className="card__content-emoji"
        key="87"
        value="zzz"
      >
        💤
      </option>
      <option
        className="card__content-emoji"
        key="88"
        value="poop"
      >
        💩
      </option>
      <option
        className="card__content-emoji"
        key="89"
        value="smiling_imp"
      >
        😈
      </option>
      <option
        className="card__content-emoji"
        key="90"
        value="imp"
      >
        👿
      </option>
      <option
        className="card__content-emoji"
        key="91"
        value="japanese_ogre"
      >
        👹
      </option>
      <option
        className="card__content-emoji"
        key="92"
        value="japanese_goblin"
      >
        👺
      </option>
      <option
        className="card__content-emoji"
        key="93"
        value="skull"
      >
        💀
      </option>
      <option
        className="card__content-emoji"
        key="94"
        value="ghost"
      >
        👻
      </option>
      <option
        className="card__content-emoji"
        key="95"
        value="alien"
      >
        👽
      </option>
      <option
        className="card__content-emoji"
        key="96"
        value="robot"
      >
        🤖
      </option>
      <option
        className="card__content-emoji"
        key="97"
        value="smiley_cat"
      >
        😺
      </option>
      <option
        className="card__content-emoji"
        key="98"
        value="smile_cat"
      >
        😸
      </option>
      <option
        className="card__content-emoji"
        key="99"
        value="joy_cat"
      >
        😹
      </option>
      <option
        className="card__content-emoji"
        key="100"
        value="heart_eyes_cat"
      >
        😻
      </option>
      <option
        className="card__content-emoji"
        key="101"
        value="smirk_cat"
      >
        😼
      </option>
      <option
        className="card__content-emoji"
        key="102"
        value="kissing_cat"
      >
        😽
      </option>
      <option
        className="card__content-emoji"
        key="103"
        value="scream_cat"
      >
        🙀
      </option>
      <option
        className="card__content-emoji"
        key="104"
        value="crying_cat_face"
      >
        😿
      </option>
      <option
        className="card__content-emoji"
        key="105"
        value="pouting_cat"
      >
        😾
      </option>
      <option
        className="card__content-emoji"
        key="106"
        value="palms_up"
      >
        🤲
      </option>
      <option
        className="card__content-emoji"
        key="107"
        value="raised_hands"
      >
        🙌
      </option>
      <option
        className="card__content-emoji"
        key="108"
        value="clap"
      >
        👏
      </option>
      <option
        className="card__content-emoji"
        key="109"
        value="wave"
      >
        👋
      </option>
      <option
        className="card__content-emoji"
        key="110"
        value="call_me_hand"
      >
        🤙
      </option>
      <option
        className="card__content-emoji"
        key="111"
        value="+1"
      >
        👍
      </option>
      <option
        className="card__content-emoji"
        key="112"
        value="-1"
      >
        👎
      </option>
      <option
        className="card__content-emoji"
        key="113"
        value="facepunch"
      >
        👊
      </option>
      <option
        className="card__content-emoji"
        key="114"
        value="fist"
      >
        ✊
      </option>
      <option
        className="card__content-emoji"
        key="115"
        value="fist_left"
      >
        🤛
      </option>
      <option
        className="card__content-emoji"
        key="116"
        value="fist_right"
      >
        🤜
      </option>
      <option
        className="card__content-emoji"
        key="117"
        value="v"
      >
        ✌
      </option>
      <option
        className="card__content-emoji"
        key="118"
        value="ok_hand"
      >
        👌
      </option>
      <option
        className="card__content-emoji"
        key="119"
        value="raised_hand"
      >
        ✋
      </option>
      <option
        className="card__content-emoji"
        key="120"
        value="raised_back_of_hand"
      >
        🤚
      </option>
      <option
        className="card__content-emoji"
        key="121"
        value="open_hands"
      >
        👐
      </option>
      <option
        className="card__content-emoji"
        key="122"
        value="muscle"
      >
        💪
      </option>
      <option
        className="card__content-emoji"
        key="123"
        value="pray"
      >
        🙏
      </option>
      <option
        className="card__content-emoji"
        key="124"
        value="handshake"
      >
        🤝
      </option>
      <option
        className="card__content-emoji"
        key="125"
        value="point_up"
      >
        ☝
      </option>
      <option
        className="card__content-emoji"
        key="126"
        value="point_up_2"
      >
        👆
      </option>
      <option
        className="card__content-emoji"
        key="127"
        value="point_down"
      >
        👇
      </option>
      <option
        className="card__content-emoji"
        key="128"
        value="point_left"
      >
        👈
      </option>
      <option
        className="card__content-emoji"
        key="129"
        value="point_right"
      >
        👉
      </option>
      <option
        className="card__content-emoji"
        key="130"
        value="fu"
      >
        🖕
      </option>
      <option
        className="card__content-emoji"
        key="131"
        value="raised_hand_with_fingers_splayed"
      >
        🖐
      </option>
      <option
        className="card__content-emoji"
        key="132"
        value="love_you"
      >
        🤟
      </option>
      <option
        className="card__content-emoji"
        key="133"
        value="metal"
      >
        🤘
      </option>
      <option
        className="card__content-emoji"
        key="134"
        value="crossed_fingers"
      >
        🤞
      </option>
      <option
        className="card__content-emoji"
        key="135"
        value="vulcan_salute"
      >
        🖖
      </option>
      <option
        className="card__content-emoji"
        key="136"
        value="writing_hand"
      >
        ✍
      </option>
      <option
        className="card__content-emoji"
        key="137"
        value="selfie"
      >
        🤳
      </option>
      <option
        className="card__content-emoji"
        key="138"
        value="nail_care"
      >
        💅
      </option>
      <option
        className="card__content-emoji"
        key="139"
        value="lips"
      >
        👄
      </option>
      <option
        className="card__content-emoji"
        key="140"
        value="tongue"
      >
        👅
      </option>
      <option
        className="card__content-emoji"
        key="141"
        value="ear"
      >
        👂
      </option>
      <option
        className="card__content-emoji"
        key="142"
        value="nose"
      >
        👃
      </option>
      <option
        className="card__content-emoji"
        key="143"
        value="eye"
      >
        👁
      </option>
      <option
        className="card__content-emoji"
        key="144"
        value="eyes"
      >
        👀
      </option>
      <option
        className="card__content-emoji"
        key="145"
        value="brain"
      >
        🧠
      </option>
      <option
        className="card__content-emoji"
        key="146"
        value="bust_in_silhouette"
      >
        👤
      </option>
      <option
        className="card__content-emoji"
        key="147"
        value="busts_in_silhouette"
      >
        👥
      </option>
      <option
        className="card__content-emoji"
        key="148"
        value="speaking_head"
      >
        🗣
      </option>
      <option
        className="card__content-emoji"
        key="149"
        value="baby"
      >
        👶
      </option>
      <option
        className="card__content-emoji"
        key="150"
        value="child"
      >
        🧒
      </option>
      <option
        className="card__content-emoji"
        key="151"
        value="boy"
      >
        👦
      </option>
      <option
        className="card__content-emoji"
        key="152"
        value="girl"
      >
        👧
      </option>
      <option
        className="card__content-emoji"
        key="153"
        value="adult"
      >
        🧑
      </option>
      <option
        className="card__content-emoji"
        key="154"
        value="man"
      >
        👨
      </option>
      <option
        className="card__content-emoji"
        key="155"
        value="woman"
      >
        👩
      </option>
      <option
        className="card__content-emoji"
        key="156"
        value="blonde_woman"
      >
        👱‍♀️
      </option>
      <option
        className="card__content-emoji"
        key="157"
        value="blonde_man"
      >
        👱
      </option>
      <option
        className="card__content-emoji"
        key="158"
        value="bearded_person"
      >
        🧔
      </option>
      <option
        className="card__content-emoji"
        key="159"
        value="older_adult"
      >
        🧓
      </option>
      <option
        className="card__content-emoji"
        key="160"
        value="older_man"
      >
        👴
      </option>
      <option
        className="card__content-emoji"
        key="161"
        value="older_woman"
      >
        👵
      </option>
      <option
        className="card__content-emoji"
        key="162"
        value="man_with_gua_pi_mao"
      >
        👲
      </option>
      <option
        className="card__content-emoji"
        key="163"
        value="woman_with_headscarf"
      >
        🧕
      </option>
      <option
        className="card__content-emoji"
        key="164"
        value="woman_with_turban"
      >
        👳‍♀️
      </option>
      <option
        className="card__content-emoji"
        key="165"
        value="man_with_turban"
      >
        👳
      </option>
      <option
        className="card__content-emoji"
        key="166"
        value="policewoman"
      >
        👮‍♀️
      </option>
      <option
        className="card__content-emoji"
        key="167"
        value="policeman"
      >
        👮
      </option>
      <option
        className="card__content-emoji"
        key="168"
        value="construction_worker_woman"
      >
        👷‍♀️
      </option>
      <option
        className="card__content-emoji"
        key="169"
        value="construction_worker_man"
      >
        👷
      </option>
      <option
        className="card__content-emoji"
        key="170"
        value="guardswoman"
      >
        💂‍♀️
      </option>
      <option
        className="card__content-emoji"
        key="171"
        value="guardsman"
      >
        💂
      </option>
      <option
        className="card__content-emoji"
        key="172"
        value="female_detective"
      >
        🕵️‍♀️
      </option>
      <option
        className="card__content-emoji"
        key="173"
        value="male_detective"
      >
        🕵
      </option>
      <option
        className="card__content-emoji"
        key="174"
        value="woman_health_worker"
      >
        👩‍⚕️
      </option>
      <option
        className="card__content-emoji"
        key="175"
        value="man_health_worker"
      >
        👨‍⚕️
      </option>
      <option
        className="card__content-emoji"
        key="176"
        value="woman_farmer"
      >
        👩‍🌾
      </option>
      <option
        className="card__content-emoji"
        key="177"
        value="man_farmer"
      >
        👨‍🌾
      </option>
      <option
        className="card__content-emoji"
        key="178"
        value="woman_cook"
      >
        👩‍🍳
      </option>
      <option
        className="card__content-emoji"
        key="179"
        value="man_cook"
      >
        👨‍🍳
      </option>
      <option
        className="card__content-emoji"
        key="180"
        value="woman_student"
      >
        👩‍🎓
      </option>
      <option
        className="card__content-emoji"
        key="181"
        value="man_student"
      >
        👨‍🎓
      </option>
      <option
        className="card__content-emoji"
        key="182"
        value="woman_singer"
      >
        👩‍🎤
      </option>
      <option
        className="card__content-emoji"
        key="183"
        value="man_singer"
      >
        👨‍🎤
      </option>
      <option
        className="card__content-emoji"
        key="184"
        value="woman_teacher"
      >
        👩‍🏫
      </option>
      <option
        className="card__content-emoji"
        key="185"
        value="man_teacher"
      >
        👨‍🏫
      </option>
      <option
        className="card__content-emoji"
        key="186"
        value="woman_factory_worker"
      >
        👩‍🏭
      </option>
      <option
        className="card__content-emoji"
        key="187"
        value="man_factory_worker"
      >
        👨‍🏭
      </option>
      <option
        className="card__content-emoji"
        key="188"
        value="woman_technologist"
      >
        👩‍💻
      </option>
      <option
        className="card__content-emoji"
        key="189"
        value="man_technologist"
      >
        👨‍💻
      </option>
      <option
        className="card__content-emoji"
        key="190"
        value="woman_office_worker"
      >
        👩‍💼
      </option>
      <option
        className="card__content-emoji"
        key="191"
        value="man_office_worker"
      >
        👨‍💼
      </option>
      <option
        className="card__content-emoji"
        key="192"
        value="woman_mechanic"
      >
        👩‍🔧
      </option>
      <option
        className="card__content-emoji"
        key="193"
        value="man_mechanic"
      >
        👨‍🔧
      </option>
      <option
        className="card__content-emoji"
        key="194"
        value="woman_scientist"
      >
        👩‍🔬
      </option>
      <option
        className="card__content-emoji"
        key="195"
        value="man_scientist"
      >
        👨‍🔬
      </option>
      <option
        className="card__content-emoji"
        key="196"
        value="woman_artist"
      >
        👩‍🎨
      </option>
      <option
        className="card__content-emoji"
        key="197"
        value="man_artist"
      >
        👨‍🎨
      </option>
      <option
        className="card__content-emoji"
        key="198"
        value="woman_firefighter"
      >
        👩‍🚒
      </option>
      <option
        className="card__content-emoji"
        key="199"
        value="man_firefighter"
      >
        👨‍🚒
      </option>
      <option
        className="card__content-emoji"
        key="200"
        value="woman_pilot"
      >
        👩‍✈️
      </option>
      <option
        className="card__content-emoji"
        key="201"
        value="man_pilot"
      >
        👨‍✈️
      </option>
      <option
        className="card__content-emoji"
        key="202"
        value="woman_astronaut"
      >
        👩‍🚀
      </option>
      <option
        className="card__content-emoji"
        key="203"
        value="man_astronaut"
      >
        👨‍🚀
      </option>
      <option
        className="card__content-emoji"
        key="204"
        value="woman_judge"
      >
        👩‍⚖️
      </option>
      <option
        className="card__content-emoji"
        key="205"
        value="man_judge"
      >
        👨‍⚖️
      </option>
      <option
        className="card__content-emoji"
        key="206"
        value="mrs_claus"
      >
        🤶
      </option>
      <option
        className="card__content-emoji"
        key="207"
        value="santa"
      >
        🎅
      </option>
      <option
        className="card__content-emoji"
        key="208"
        value="sorceress"
      >
        🧙‍♀️
      </option>
      <option
        className="card__content-emoji"
        key="209"
        value="wizard"
      >
        🧙‍♂️
      </option>
      <option
        className="card__content-emoji"
        key="210"
        value="woman_elf"
      >
        🧝‍♀️
      </option>
      <option
        className="card__content-emoji"
        key="211"
        value="man_elf"
      >
        🧝‍♂️
      </option>
      <option
        className="card__content-emoji"
        key="212"
        value="woman_vampire"
      >
        🧛‍♀️
      </option>
      <option
        className="card__content-emoji"
        key="213"
        value="man_vampire"
      >
        🧛‍♂️
      </option>
      <option
        className="card__content-emoji"
        key="214"
        value="woman_zombie"
      >
        🧟‍♀️
      </option>
      <option
        className="card__content-emoji"
        key="215"
        value="man_zombie"
      >
        🧟‍♂️
      </option>
      <option
        className="card__content-emoji"
        key="216"
        value="woman_genie"
      >
        🧞‍♀️
      </option>
      <option
        className="card__content-emoji"
        key="217"
        value="man_genie"
      >
        🧞‍♂️
      </option>
      <option
        className="card__content-emoji"
        key="218"
        value="mermaid"
      >
        🧜‍♀️
      </option>
      <option
        className="card__content-emoji"
        key="219"
        value="merman"
      >
        🧜‍♂️
      </option>
      <option
        className="card__content-emoji"
        key="220"
        value="woman_fairy"
      >
        🧚‍♀️
      </option>
      <option
        className="card__content-emoji"
        key="221"
        value="man_fairy"
      >
        🧚‍♂️
      </option>
      <option
        className="card__content-emoji"
        key="222"
        value="angel"
      >
        👼
      </option>
      <option
        className="card__content-emoji"
        key="223"
        value="pregnant_woman"
      >
        🤰
      </option>
      <option
        className="card__content-emoji"
        key="224"
        value="breastfeeding"
      >
        🤱
      </option>
      <option
        className="card__content-emoji"
        key="225"
        value="princess"
      >
        👸
      </option>
      <option
        className="card__content-emoji"
        key="226"
        value="prince"
      >
        🤴
      </option>
      <option
        className="card__content-emoji"
        key="227"
        value="bride_with_veil"
      >
        👰
      </option>
      <option
        className="card__content-emoji"
        key="228"
        value="man_in_tuxedo"
      >
        🤵
      </option>
      <option
        className="card__content-emoji"
        key="229"
        value="running_woman"
      >
        🏃‍♀️
      </option>
      <option
        className="card__content-emoji"
        key="230"
        value="running_man"
      >
        🏃
      </option>
      <option
        className="card__content-emoji"
        key="231"
        value="walking_woman"
      >
        🚶‍♀️
      </option>
      <option
        className="card__content-emoji"
        key="232"
        value="walking_man"
      >
        🚶
      </option>
      <option
        className="card__content-emoji"
        key="233"
        value="dancer"
      >
        💃
      </option>
      <option
        className="card__content-emoji"
        key="234"
        value="man_dancing"
      >
        🕺
      </option>
      <option
        className="card__content-emoji"
        key="235"
        value="dancing_women"
      >
        👯
      </option>
      <option
        className="card__content-emoji"
        key="236"
        value="dancing_men"
      >
        👯‍♂️
      </option>
      <option
        className="card__content-emoji"
        key="237"
        value="couple"
      >
        👫
      </option>
      <option
        className="card__content-emoji"
        key="238"
        value="two_men_holding_hands"
      >
        👬
      </option>
      <option
        className="card__content-emoji"
        key="239"
        value="two_women_holding_hands"
      >
        👭
      </option>
      <option
        className="card__content-emoji"
        key="240"
        value="bowing_woman"
      >
        🙇‍♀️
      </option>
      <option
        className="card__content-emoji"
        key="241"
        value="bowing_man"
      >
        🙇
      </option>
      <option
        className="card__content-emoji"
        key="242"
        value="man_facepalming"
      >
        🤦
      </option>
      <option
        className="card__content-emoji"
        key="243"
        value="woman_facepalming"
      >
        🤦‍♀️
      </option>
      <option
        className="card__content-emoji"
        key="244"
        value="woman_shrugging"
      >
        🤷
      </option>
      <option
        className="card__content-emoji"
        key="245"
        value="man_shrugging"
      >
        🤷‍♂️
      </option>
      <option
        className="card__content-emoji"
        key="246"
        value="tipping_hand_woman"
      >
        💁
      </option>
      <option
        className="card__content-emoji"
        key="247"
        value="tipping_hand_man"
      >
        💁‍♂️
      </option>
      <option
        className="card__content-emoji"
        key="248"
        value="no_good_woman"
      >
        🙅
      </option>
      <option
        className="card__content-emoji"
        key="249"
        value="no_good_man"
      >
        🙅‍♂️
      </option>
      <option
        className="card__content-emoji"
        key="250"
        value="ok_woman"
      >
        🙆
      </option>
      <option
        className="card__content-emoji"
        key="251"
        value="ok_man"
      >
        🙆‍♂️
      </option>
      <option
        className="card__content-emoji"
        key="252"
        value="raising_hand_woman"
      >
        🙋
      </option>
      <option
        className="card__content-emoji"
        key="253"
        value="raising_hand_man"
      >
        🙋‍♂️
      </option>
      <option
        className="card__content-emoji"
        key="254"
        value="pouting_woman"
      >
        🙎
      </option>
      <option
        className="card__content-emoji"
        key="255"
        value="pouting_man"
      >
        🙎‍♂️
      </option>
      <option
        className="card__content-emoji"
        key="256"
        value="frowning_woman"
      >
        🙍
      </option>
      <option
        className="card__content-emoji"
        key="257"
        value="frowning_man"
      >
        🙍‍♂️
      </option>
      <option
        className="card__content-emoji"
        key="258"
        value="haircut_woman"
      >
        💇
      </option>
      <option
        className="card__content-emoji"
        key="259"
        value="haircut_man"
      >
        💇‍♂️
      </option>
      <option
        className="card__content-emoji"
        key="260"
        value="massage_woman"
      >
        💆
      </option>
      <option
        className="card__content-emoji"
        key="261"
        value="massage_man"
      >
        💆‍♂️
      </option>
      <option
        className="card__content-emoji"
        key="262"
        value="woman_in_steamy_room"
      >
        🧖‍♀️
      </option>
      <option
        className="card__content-emoji"
        key="263"
        value="man_in_steamy_room"
      >
        🧖‍♂️
      </option>
      <option
        className="card__content-emoji"
        key="264"
        value="couple_with_heart_woman_man"
      >
        💑
      </option>
      <option
        className="card__content-emoji"
        key="265"
        value="couple_with_heart_woman_woman"
      >
        👩‍❤️‍👩
      </option>
      <option
        className="card__content-emoji"
        key="266"
        value="couple_with_heart_man_man"
      >
        👨‍❤️‍👨
      </option>
      <option
        className="card__content-emoji"
        key="267"
        value="couplekiss_man_woman"
      >
        💏
      </option>
      <option
        className="card__content-emoji"
        key="268"
        value="couplekiss_woman_woman"
      >
        👩‍❤️‍💋‍👩
      </option>
      <option
        className="card__content-emoji"
        key="269"
        value="couplekiss_man_man"
      >
        👨‍❤️‍💋‍👨
      </option>
      <option
        className="card__content-emoji"
        key="270"
        value="family_man_woman_boy"
      >
        👪
      </option>
      <option
        className="card__content-emoji"
        key="271"
        value="family_man_woman_girl"
      >
        👨‍👩‍👧
      </option>
      <option
        className="card__content-emoji"
        key="272"
        value="family_man_woman_girl_boy"
      >
        👨‍👩‍👧‍👦
      </option>
      <option
        className="card__content-emoji"
        key="273"
        value="family_man_woman_boy_boy"
      >
        👨‍👩‍👦‍👦
      </option>
      <option
        className="card__content-emoji"
        key="274"
        value="family_man_woman_girl_girl"
      >
        👨‍👩‍👧‍👧
      </option>
      <option
        className="card__content-emoji"
        key="275"
        value="family_woman_woman_boy"
      >
        👩‍👩‍👦
      </option>
      <option
        className="card__content-emoji"
        key="276"
        value="family_woman_woman_girl"
      >
        👩‍👩‍👧
      </option>
      <option
        className="card__content-emoji"
        key="277"
        value="family_woman_woman_girl_boy"
      >
        👩‍👩‍👧‍👦
      </option>
      <option
        className="card__content-emoji"
        key="278"
        value="family_woman_woman_boy_boy"
      >
        👩‍👩‍👦‍👦
      </option>
      <option
        className="card__content-emoji"
        key="279"
        value="family_woman_woman_girl_girl"
      >
        👩‍👩‍👧‍👧
      </option>
      <option
        className="card__content-emoji"
        key="280"
        value="family_man_man_boy"
      >
        👨‍👨‍👦
      </option>
      <option
        className="card__content-emoji"
        key="281"
        value="family_man_man_girl"
      >
        👨‍👨‍👧
      </option>
      <option
        className="card__content-emoji"
        key="282"
        value="family_man_man_girl_boy"
      >
        👨‍👨‍👧‍👦
      </option>
      <option
        className="card__content-emoji"
        key="283"
        value="family_man_man_boy_boy"
      >
        👨‍👨‍👦‍👦
      </option>
      <option
        className="card__content-emoji"
        key="284"
        value="family_man_man_girl_girl"
      >
        👨‍👨‍👧‍👧
      </option>
      <option
        className="card__content-emoji"
        key="285"
        value="family_woman_boy"
      >
        👩‍👦
      </option>
      <option
        className="card__content-emoji"
        key="286"
        value="family_woman_girl"
      >
        👩‍👧
      </option>
      <option
        className="card__content-emoji"
        key="287"
        value="family_woman_girl_boy"
      >
        👩‍👧‍👦
      </option>
      <option
        className="card__content-emoji"
        key="288"
        value="family_woman_boy_boy"
      >
        👩‍👦‍👦
      </option>
      <option
        className="card__content-emoji"
        key="289"
        value="family_woman_girl_girl"
      >
        👩‍👧‍👧
      </option>
      <option
        className="card__content-emoji"
        key="290"
        value="family_man_boy"
      >
        👨‍👦
      </option>
      <option
        className="card__content-emoji"
        key="291"
        value="family_man_girl"
      >
        👨‍👧
      </option>
      <option
        className="card__content-emoji"
        key="292"
        value="family_man_girl_boy"
      >
        👨‍👧‍👦
      </option>
      <option
        className="card__content-emoji"
        key="293"
        value="family_man_boy_boy"
      >
        👨‍👦‍👦
      </option>
      <option
        className="card__content-emoji"
        key="294"
        value="family_man_girl_girl"
      >
        👨‍👧‍👧
      </option>
      <option
        className="card__content-emoji"
        key="295"
        value="coat"
      >
        🧥
      </option>
      <option
        className="card__content-emoji"
        key="296"
        value="womans_clothes"
      >
        👚
      </option>
      <option
        className="card__content-emoji"
        key="297"
        value="tshirt"
      >
        👕
      </option>
      <option
        className="card__content-emoji"
        key="298"
        value="jeans"
      >
        👖
      </option>
      <option
        className="card__content-emoji"
        key="299"
        value="necktie"
      >
        👔
      </option>
      <option
        className="card__content-emoji"
        key="300"
        value="dress"
      >
        👗
      </option>
      <option
        className="card__content-emoji"
        key="301"
        value="bikini"
      >
        👙
      </option>
      <option
        className="card__content-emoji"
        key="302"
        value="kimono"
      >
        👘
      </option>
      <option
        className="card__content-emoji"
        key="303"
        value="lipstick"
      >
        💄
      </option>
      <option
        className="card__content-emoji"
        key="304"
        value="kiss"
      >
        💋
      </option>
      <option
        className="card__content-emoji"
        key="305"
        value="footprints"
      >
        👣
      </option>
      <option
        className="card__content-emoji"
        key="306"
        value="high_heel"
      >
        👠
      </option>
      <option
        className="card__content-emoji"
        key="307"
        value="sandal"
      >
        👡
      </option>
      <option
        className="card__content-emoji"
        key="308"
        value="boot"
      >
        👢
      </option>
      <option
        className="card__content-emoji"
        key="309"
        value="mans_shoe"
      >
        👞
      </option>
      <option
        className="card__content-emoji"
        key="310"
        value="athletic_shoe"
      >
        👟
      </option>
      <option
        className="card__content-emoji"
        key="311"
        value="socks"
      >
        🧦
      </option>
      <option
        className="card__content-emoji"
        key="312"
        value="gloves"
      >
        🧤
      </option>
      <option
        className="card__content-emoji"
        key="313"
        value="scarf"
      >
        🧣
      </option>
      <option
        className="card__content-emoji"
        key="314"
        value="womans_hat"
      >
        👒
      </option>
      <option
        className="card__content-emoji"
        key="315"
        value="tophat"
      >
        🎩
      </option>
      <option
        className="card__content-emoji"
        key="316"
        value="billed_hat"
      >
        🧢
      </option>
      <option
        className="card__content-emoji"
        key="317"
        value="rescue_worker_helmet"
      >
        ⛑
      </option>
      <option
        className="card__content-emoji"
        key="318"
        value="mortar_board"
      >
        🎓
      </option>
      <option
        className="card__content-emoji"
        key="319"
        value="crown"
      >
        👑
      </option>
      <option
        className="card__content-emoji"
        key="320"
        value="school_satchel"
      >
        🎒
      </option>
      <option
        className="card__content-emoji"
        key="321"
        value="pouch"
      >
        👝
      </option>
      <option
        className="card__content-emoji"
        key="322"
        value="purse"
      >
        👛
      </option>
      <option
        className="card__content-emoji"
        key="323"
        value="handbag"
      >
        👜
      </option>
      <option
        className="card__content-emoji"
        key="324"
        value="briefcase"
      >
        💼
      </option>
      <option
        className="card__content-emoji"
        key="325"
        value="eyeglasses"
      >
        👓
      </option>
      <option
        className="card__content-emoji"
        key="326"
        value="dark_sunglasses"
      >
        🕶
      </option>
      <option
        className="card__content-emoji"
        key="327"
        value="ring"
      >
        💍
      </option>
      <option
        className="card__content-emoji"
        key="328"
        value="closed_umbrella"
      >
        🌂
      </option>
      <option
        className="card__content-emoji"
        key="329"
        value="dog"
      >
        🐶
      </option>
      <option
        className="card__content-emoji"
        key="330"
        value="cat"
      >
        🐱
      </option>
      <option
        className="card__content-emoji"
        key="331"
        value="mouse"
      >
        🐭
      </option>
      <option
        className="card__content-emoji"
        key="332"
        value="hamster"
      >
        🐹
      </option>
      <option
        className="card__content-emoji"
        key="333"
        value="rabbit"
      >
        🐰
      </option>
      <option
        className="card__content-emoji"
        key="334"
        value="fox_face"
      >
        🦊
      </option>
      <option
        className="card__content-emoji"
        key="335"
        value="bear"
      >
        🐻
      </option>
      <option
        className="card__content-emoji"
        key="336"
        value="panda_face"
      >
        🐼
      </option>
      <option
        className="card__content-emoji"
        key="337"
        value="koala"
      >
        🐨
      </option>
      <option
        className="card__content-emoji"
        key="338"
        value="tiger"
      >
        🐯
      </option>
      <option
        className="card__content-emoji"
        key="339"
        value="lion"
      >
        🦁
      </option>
      <option
        className="card__content-emoji"
        key="340"
        value="cow"
      >
        🐮
      </option>
      <option
        className="card__content-emoji"
        key="341"
        value="pig"
      >
        🐷
      </option>
      <option
        className="card__content-emoji"
        key="342"
        value="pig_nose"
      >
        🐽
      </option>
      <option
        className="card__content-emoji"
        key="343"
        value="frog"
      >
        🐸
      </option>
      <option
        className="card__content-emoji"
        key="344"
        value="squid"
      >
        🦑
      </option>
      <option
        className="card__content-emoji"
        key="345"
        value="octopus"
      >
        🐙
      </option>
      <option
        className="card__content-emoji"
        key="346"
        value="shrimp"
      >
        🦐
      </option>
      <option
        className="card__content-emoji"
        key="347"
        value="monkey_face"
      >
        🐵
      </option>
      <option
        className="card__content-emoji"
        key="348"
        value="gorilla"
      >
        🦍
      </option>
      <option
        className="card__content-emoji"
        key="349"
        value="see_no_evil"
      >
        🙈
      </option>
      <option
        className="card__content-emoji"
        key="350"
        value="hear_no_evil"
      >
        🙉
      </option>
      <option
        className="card__content-emoji"
        key="351"
        value="speak_no_evil"
      >
        🙊
      </option>
      <option
        className="card__content-emoji"
        key="352"
        value="monkey"
      >
        🐒
      </option>
      <option
        className="card__content-emoji"
        key="353"
        value="chicken"
      >
        🐔
      </option>
      <option
        className="card__content-emoji"
        key="354"
        value="penguin"
      >
        🐧
      </option>
      <option
        className="card__content-emoji"
        key="355"
        value="bird"
      >
        🐦
      </option>
      <option
        className="card__content-emoji"
        key="356"
        value="baby_chick"
      >
        🐤
      </option>
      <option
        className="card__content-emoji"
        key="357"
        value="hatching_chick"
      >
        🐣
      </option>
      <option
        className="card__content-emoji"
        key="358"
        value="hatched_chick"
      >
        🐥
      </option>
      <option
        className="card__content-emoji"
        key="359"
        value="duck"
      >
        🦆
      </option>
      <option
        className="card__content-emoji"
        key="360"
        value="eagle"
      >
        🦅
      </option>
      <option
        className="card__content-emoji"
        key="361"
        value="owl"
      >
        🦉
      </option>
      <option
        className="card__content-emoji"
        key="362"
        value="bat"
      >
        🦇
      </option>
      <option
        className="card__content-emoji"
        key="363"
        value="wolf"
      >
        🐺
      </option>
      <option
        className="card__content-emoji"
        key="364"
        value="boar"
      >
        🐗
      </option>
      <option
        className="card__content-emoji"
        key="365"
        value="horse"
      >
        🐴
      </option>
      <option
        className="card__content-emoji"
        key="366"
        value="unicorn"
      >
        🦄
      </option>
      <option
        className="card__content-emoji"
        key="367"
        value="honeybee"
      >
        🐝
      </option>
      <option
        className="card__content-emoji"
        key="368"
        value="bug"
      >
        🐛
      </option>
      <option
        className="card__content-emoji"
        key="369"
        value="butterfly"
      >
        🦋
      </option>
      <option
        className="card__content-emoji"
        key="370"
        value="snail"
      >
        🐌
      </option>
      <option
        className="card__content-emoji"
        key="371"
        value="beetle"
      >
        🐞
      </option>
      <option
        className="card__content-emoji"
        key="372"
        value="ant"
      >
        🐜
      </option>
      <option
        className="card__content-emoji"
        key="373"
        value="grasshopper"
      >
        🦗
      </option>
      <option
        className="card__content-emoji"
        key="374"
        value="spider"
      >
        🕷
      </option>
      <option
        className="card__content-emoji"
        key="375"
        value="scorpion"
      >
        🦂
      </option>
      <option
        className="card__content-emoji"
        key="376"
        value="crab"
      >
        🦀
      </option>
      <option
        className="card__content-emoji"
        key="377"
        value="snake"
      >
        🐍
      </option>
      <option
        className="card__content-emoji"
        key="378"
        value="lizard"
      >
        🦎
      </option>
      <option
        className="card__content-emoji"
        key="379"
        value="t-rex"
      >
        🦖
      </option>
      <option
        className="card__content-emoji"
        key="380"
        value="sauropod"
      >
        🦕
      </option>
      <option
        className="card__content-emoji"
        key="381"
        value="turtle"
      >
        🐢
      </option>
      <option
        className="card__content-emoji"
        key="382"
        value="tropical_fish"
      >
        🐠
      </option>
      <option
        className="card__content-emoji"
        key="383"
        value="fish"
      >
        🐟
      </option>
      <option
        className="card__content-emoji"
        key="384"
        value="blowfish"
      >
        🐡
      </option>
      <option
        className="card__content-emoji"
        key="385"
        value="dolphin"
      >
        🐬
      </option>
      <option
        className="card__content-emoji"
        key="386"
        value="shark"
      >
        🦈
      </option>
      <option
        className="card__content-emoji"
        key="387"
        value="whale"
      >
        🐳
      </option>
      <option
        className="card__content-emoji"
        key="388"
        value="whale2"
      >
        🐋
      </option>
      <option
        className="card__content-emoji"
        key="389"
        value="crocodile"
      >
        🐊
      </option>
      <option
        className="card__content-emoji"
        key="390"
        value="leopard"
      >
        🐆
      </option>
      <option
        className="card__content-emoji"
        key="391"
        value="zebra"
      >
        🦓
      </option>
      <option
        className="card__content-emoji"
        key="392"
        value="tiger2"
      >
        🐅
      </option>
      <option
        className="card__content-emoji"
        key="393"
        value="water_buffalo"
      >
        🐃
      </option>
      <option
        className="card__content-emoji"
        key="394"
        value="ox"
      >
        🐂
      </option>
      <option
        className="card__content-emoji"
        key="395"
        value="cow2"
      >
        🐄
      </option>
      <option
        className="card__content-emoji"
        key="396"
        value="deer"
      >
        🦌
      </option>
      <option
        className="card__content-emoji"
        key="397"
        value="dromedary_camel"
      >
        🐪
      </option>
      <option
        className="card__content-emoji"
        key="398"
        value="camel"
      >
        🐫
      </option>
      <option
        className="card__content-emoji"
        key="399"
        value="giraffe"
      >
        🦒
      </option>
      <option
        className="card__content-emoji"
        key="400"
        value="elephant"
      >
        🐘
      </option>
      <option
        className="card__content-emoji"
        key="401"
        value="rhinoceros"
      >
        🦏
      </option>
      <option
        className="card__content-emoji"
        key="402"
        value="goat"
      >
        🐐
      </option>
      <option
        className="card__content-emoji"
        key="403"
        value="ram"
      >
        🐏
      </option>
      <option
        className="card__content-emoji"
        key="404"
        value="sheep"
      >
        🐑
      </option>
      <option
        className="card__content-emoji"
        key="405"
        value="racehorse"
      >
        🐎
      </option>
      <option
        className="card__content-emoji"
        key="406"
        value="pig2"
      >
        🐖
      </option>
      <option
        className="card__content-emoji"
        key="407"
        value="rat"
      >
        🐀
      </option>
      <option
        className="card__content-emoji"
        key="408"
        value="mouse2"
      >
        🐁
      </option>
      <option
        className="card__content-emoji"
        key="409"
        value="rooster"
      >
        🐓
      </option>
      <option
        className="card__content-emoji"
        key="410"
        value="turkey"
      >
        🦃
      </option>
      <option
        className="card__content-emoji"
        key="411"
        value="dove"
      >
        🕊
      </option>
      <option
        className="card__content-emoji"
        key="412"
        value="dog2"
      >
        🐕
      </option>
      <option
        className="card__content-emoji"
        key="413"
        value="poodle"
      >
        🐩
      </option>
      <option
        className="card__content-emoji"
        key="414"
        value="cat2"
      >
        🐈
      </option>
      <option
        className="card__content-emoji"
        key="415"
        value="rabbit2"
      >
        🐇
      </option>
      <option
        className="card__content-emoji"
        key="416"
        value="chipmunk"
      >
        🐿
      </option>
      <option
        className="card__content-emoji"
        key="417"
        value="hedgehog"
      >
        🦔
      </option>
      <option
        className="card__content-emoji"
        key="418"
        value="paw_prints"
      >
        🐾
      </option>
      <option
        className="card__content-emoji"
        key="419"
        value="dragon"
      >
        🐉
      </option>
      <option
        className="card__content-emoji"
        key="420"
        value="dragon_face"
      >
        🐲
      </option>
      <option
        className="card__content-emoji"
        key="421"
        value="cactus"
      >
        🌵
      </option>
      <option
        className="card__content-emoji"
        key="422"
        value="christmas_tree"
      >
        🎄
      </option>
      <option
        className="card__content-emoji"
        key="423"
        value="evergreen_tree"
      >
        🌲
      </option>
      <option
        className="card__content-emoji"
        key="424"
        value="deciduous_tree"
      >
        🌳
      </option>
      <option
        className="card__content-emoji"
        key="425"
        value="palm_tree"
      >
        🌴
      </option>
      <option
        className="card__content-emoji"
        key="426"
        value="seedling"
      >
        🌱
      </option>
      <option
        className="card__content-emoji"
        key="427"
        value="herb"
      >
        🌿
      </option>
      <option
        className="card__content-emoji"
        key="428"
        value="shamrock"
      >
        ☘
      </option>
      <option
        className="card__content-emoji"
        key="429"
        value="four_leaf_clover"
      >
        🍀
      </option>
      <option
        className="card__content-emoji"
        key="430"
        value="bamboo"
      >
        🎍
      </option>
      <option
        className="card__content-emoji"
        key="431"
        value="tanabata_tree"
      >
        🎋
      </option>
      <option
        className="card__content-emoji"
        key="432"
        value="leaves"
      >
        🍃
      </option>
      <option
        className="card__content-emoji"
        key="433"
        value="fallen_leaf"
      >
        🍂
      </option>
      <option
        className="card__content-emoji"
        key="434"
        value="maple_leaf"
      >
        🍁
      </option>
      <option
        className="card__content-emoji"
        key="435"
        value="ear_of_rice"
      >
        🌾
      </option>
      <option
        className="card__content-emoji"
        key="436"
        value="hibiscus"
      >
        🌺
      </option>
      <option
        className="card__content-emoji"
        key="437"
        value="sunflower"
      >
        🌻
      </option>
      <option
        className="card__content-emoji"
        key="438"
        value="rose"
      >
        🌹
      </option>
      <option
        className="card__content-emoji"
        key="439"
        value="wilted_flower"
      >
        🥀
      </option>
      <option
        className="card__content-emoji"
        key="440"
        value="tulip"
      >
        🌷
      </option>
      <option
        className="card__content-emoji"
        key="441"
        value="blossom"
      >
        🌼
      </option>
      <option
        className="card__content-emoji"
        key="442"
        value="cherry_blossom"
      >
        🌸
      </option>
      <option
        className="card__content-emoji"
        key="443"
        value="bouquet"
      >
        💐
      </option>
      <option
        className="card__content-emoji"
        key="444"
        value="mushroom"
      >
        🍄
      </option>
      <option
        className="card__content-emoji"
        key="445"
        value="chestnut"
      >
        🌰
      </option>
      <option
        className="card__content-emoji"
        key="446"
        value="jack_o_lantern"
      >
        🎃
      </option>
      <option
        className="card__content-emoji"
        key="447"
        value="shell"
      >
        🐚
      </option>
      <option
        className="card__content-emoji"
        key="448"
        value="spider_web"
      >
        🕸
      </option>
      <option
        className="card__content-emoji"
        key="449"
        value="earth_americas"
      >
        🌎
      </option>
      <option
        className="card__content-emoji"
        key="450"
        value="earth_africa"
      >
        🌍
      </option>
      <option
        className="card__content-emoji"
        key="451"
        value="earth_asia"
      >
        🌏
      </option>
      <option
        className="card__content-emoji"
        key="452"
        value="full_moon"
      >
        🌕
      </option>
      <option
        className="card__content-emoji"
        key="453"
        value="waning_gibbous_moon"
      >
        🌖
      </option>
      <option
        className="card__content-emoji"
        key="454"
        value="last_quarter_moon"
      >
        🌗
      </option>
      <option
        className="card__content-emoji"
        key="455"
        value="waning_crescent_moon"
      >
        🌘
      </option>
      <option
        className="card__content-emoji"
        key="456"
        value="new_moon"
      >
        🌑
      </option>
      <option
        className="card__content-emoji"
        key="457"
        value="waxing_crescent_moon"
      >
        🌒
      </option>
      <option
        className="card__content-emoji"
        key="458"
        value="first_quarter_moon"
      >
        🌓
      </option>
      <option
        className="card__content-emoji"
        key="459"
        value="waxing_gibbous_moon"
      >
        🌔
      </option>
      <option
        className="card__content-emoji"
        key="460"
        value="new_moon_with_face"
      >
        🌚
      </option>
      <option
        className="card__content-emoji"
        key="461"
        value="full_moon_with_face"
      >
        🌝
      </option>
      <option
        className="card__content-emoji"
        key="462"
        value="first_quarter_moon_with_face"
      >
        🌛
      </option>
      <option
        className="card__content-emoji"
        key="463"
        value="last_quarter_moon_with_face"
      >
        🌜
      </option>
      <option
        className="card__content-emoji"
        key="464"
        value="sun_with_face"
      >
        🌞
      </option>
      <option
        className="card__content-emoji"
        key="465"
        value="crescent_moon"
      >
        🌙
      </option>
      <option
        className="card__content-emoji"
        key="466"
        value="star"
      >
        ⭐
      </option>
      <option
        className="card__content-emoji"
        key="467"
        value="star2"
      >
        🌟
      </option>
      <option
        className="card__content-emoji"
        key="468"
        value="dizzy"
      >
        💫
      </option>
      <option
        className="card__content-emoji"
        key="469"
        value="sparkles"
      >
        ✨
      </option>
      <option
        className="card__content-emoji"
        key="470"
        value="comet"
      >
        ☄
      </option>
      <option
        className="card__content-emoji"
        key="471"
        value="sunny"
      >
        ☀️
      </option>
      <option
        className="card__content-emoji"
        key="472"
        value="sun_behind_small_cloud"
      >
        🌤
      </option>
      <option
        className="card__content-emoji"
        key="473"
        value="partly_sunny"
      >
        ⛅
      </option>
      <option
        className="card__content-emoji"
        key="474"
        value="sun_behind_large_cloud"
      >
        🌥
      </option>
      <option
        className="card__content-emoji"
        key="475"
        value="sun_behind_rain_cloud"
      >
        🌦
      </option>
      <option
        className="card__content-emoji"
        key="476"
        value="cloud"
      >
        ☁️
      </option>
      <option
        className="card__content-emoji"
        key="477"
        value="cloud_with_rain"
      >
        🌧
      </option>
      <option
        className="card__content-emoji"
        key="478"
        value="cloud_with_lightning_and_rain"
      >
        ⛈
      </option>
      <option
        className="card__content-emoji"
        key="479"
        value="cloud_with_lightning"
      >
        🌩
      </option>
      <option
        className="card__content-emoji"
        key="480"
        value="zap"
      >
        ⚡
      </option>
      <option
        className="card__content-emoji"
        key="481"
        value="fire"
      >
        🔥
      </option>
      <option
        className="card__content-emoji"
        key="482"
        value="boom"
      >
        💥
      </option>
      <option
        className="card__content-emoji"
        key="483"
        value="snowflake"
      >
        ❄️
      </option>
      <option
        className="card__content-emoji"
        key="484"
        value="cloud_with_snow"
      >
        🌨
      </option>
      <option
        className="card__content-emoji"
        key="485"
        value="snowman"
      >
        ⛄
      </option>
      <option
        className="card__content-emoji"
        key="486"
        value="snowman_with_snow"
      >
        ☃
      </option>
      <option
        className="card__content-emoji"
        key="487"
        value="wind_face"
      >
        🌬
      </option>
      <option
        className="card__content-emoji"
        key="488"
        value="dash"
      >
        💨
      </option>
      <option
        className="card__content-emoji"
        key="489"
        value="tornado"
      >
        🌪
      </option>
      <option
        className="card__content-emoji"
        key="490"
        value="fog"
      >
        🌫
      </option>
      <option
        className="card__content-emoji"
        key="491"
        value="open_umbrella"
      >
        ☂
      </option>
      <option
        className="card__content-emoji"
        key="492"
        value="umbrella"
      >
        ☔
      </option>
      <option
        className="card__content-emoji"
        key="493"
        value="droplet"
      >
        💧
      </option>
      <option
        className="card__content-emoji"
        key="494"
        value="sweat_drops"
      >
        💦
      </option>
      <option
        className="card__content-emoji"
        key="495"
        value="ocean"
      >
        🌊
      </option>
      <option
        className="card__content-emoji"
        key="496"
        value="green_apple"
      >
        🍏
      </option>
      <option
        className="card__content-emoji"
        key="497"
        value="apple"
      >
        🍎
      </option>
      <option
        className="card__content-emoji"
        key="498"
        value="pear"
      >
        🍐
      </option>
      <option
        className="card__content-emoji"
        key="499"
        value="tangerine"
      >
        🍊
      </option>
      <option
        className="card__content-emoji"
        key="500"
        value="lemon"
      >
        🍋
      </option>
      <option
        className="card__content-emoji"
        key="501"
        value="banana"
      >
        🍌
      </option>
      <option
        className="card__content-emoji"
        key="502"
        value="watermelon"
      >
        🍉
      </option>
      <option
        className="card__content-emoji"
        key="503"
        value="grapes"
      >
        🍇
      </option>
      <option
        className="card__content-emoji"
        key="504"
        value="strawberry"
      >
        🍓
      </option>
      <option
        className="card__content-emoji"
        key="505"
        value="melon"
      >
        🍈
      </option>
      <option
        className="card__content-emoji"
        key="506"
        value="cherries"
      >
        🍒
      </option>
      <option
        className="card__content-emoji"
        key="507"
        value="peach"
      >
        🍑
      </option>
      <option
        className="card__content-emoji"
        key="508"
        value="pineapple"
      >
        🍍
      </option>
      <option
        className="card__content-emoji"
        key="509"
        value="coconut"
      >
        🥥
      </option>
      <option
        className="card__content-emoji"
        key="510"
        value="kiwi_fruit"
      >
        🥝
      </option>
      <option
        className="card__content-emoji"
        key="511"
        value="avocado"
      >
        🥑
      </option>
      <option
        className="card__content-emoji"
        key="512"
        value="broccoli"
      >
        🥦
      </option>
      <option
        className="card__content-emoji"
        key="513"
        value="tomato"
      >
        🍅
      </option>
      <option
        className="card__content-emoji"
        key="514"
        value="eggplant"
      >
        🍆
      </option>
      <option
        className="card__content-emoji"
        key="515"
        value="cucumber"
      >
        🥒
      </option>
      <option
        className="card__content-emoji"
        key="516"
        value="carrot"
      >
        🥕
      </option>
      <option
        className="card__content-emoji"
        key="517"
        value="hot_pepper"
      >
        🌶
      </option>
      <option
        className="card__content-emoji"
        key="518"
        value="potato"
      >
        🥔
      </option>
      <option
        className="card__content-emoji"
        key="519"
        value="corn"
      >
        🌽
      </option>
      <option
        className="card__content-emoji"
        key="520"
        value="sweet_potato"
      >
        🍠
      </option>
      <option
        className="card__content-emoji"
        key="521"
        value="peanuts"
      >
        🥜
      </option>
      <option
        className="card__content-emoji"
        key="522"
        value="honey_pot"
      >
        🍯
      </option>
      <option
        className="card__content-emoji"
        key="523"
        value="croissant"
      >
        🥐
      </option>
      <option
        className="card__content-emoji"
        key="524"
        value="bread"
      >
        🍞
      </option>
      <option
        className="card__content-emoji"
        key="525"
        value="baguette_bread"
      >
        🥖
      </option>
      <option
        className="card__content-emoji"
        key="526"
        value="pretzel"
      >
        🥨
      </option>
      <option
        className="card__content-emoji"
        key="527"
        value="cheese"
      >
        🧀
      </option>
      <option
        className="card__content-emoji"
        key="528"
        value="egg"
      >
        🥚
      </option>
      <option
        className="card__content-emoji"
        key="529"
        value="bacon"
      >
        🥓
      </option>
      <option
        className="card__content-emoji"
        key="530"
        value="steak"
      >
        🥩
      </option>
      <option
        className="card__content-emoji"
        key="531"
        value="pancakes"
      >
        🥞
      </option>
      <option
        className="card__content-emoji"
        key="532"
        value="poultry_leg"
      >
        🍗
      </option>
      <option
        className="card__content-emoji"
        key="533"
        value="meat_on_bone"
      >
        🍖
      </option>
      <option
        className="card__content-emoji"
        key="534"
        value="fried_shrimp"
      >
        🍤
      </option>
      <option
        className="card__content-emoji"
        key="535"
        value="fried_egg"
      >
        🍳
      </option>
      <option
        className="card__content-emoji"
        key="536"
        value="hamburger"
      >
        🍔
      </option>
      <option
        className="card__content-emoji"
        key="537"
        value="fries"
      >
        🍟
      </option>
      <option
        className="card__content-emoji"
        key="538"
        value="stuffed_flatbread"
      >
        🥙
      </option>
      <option
        className="card__content-emoji"
        key="539"
        value="hotdog"
      >
        🌭
      </option>
      <option
        className="card__content-emoji"
        key="540"
        value="pizza"
      >
        🍕
      </option>
      <option
        className="card__content-emoji"
        key="541"
        value="sandwich"
      >
        🥪
      </option>
      <option
        className="card__content-emoji"
        key="542"
        value="canned_food"
      >
        🥫
      </option>
      <option
        className="card__content-emoji"
        key="543"
        value="spaghetti"
      >
        🍝
      </option>
      <option
        className="card__content-emoji"
        key="544"
        value="taco"
      >
        🌮
      </option>
      <option
        className="card__content-emoji"
        key="545"
        value="burrito"
      >
        🌯
      </option>
      <option
        className="card__content-emoji"
        key="546"
        value="green_salad"
      >
        🥗
      </option>
      <option
        className="card__content-emoji"
        key="547"
        value="shallow_pan_of_food"
      >
        🥘
      </option>
      <option
        className="card__content-emoji"
        key="548"
        value="ramen"
      >
        🍜
      </option>
      <option
        className="card__content-emoji"
        key="549"
        value="stew"
      >
        🍲
      </option>
      <option
        className="card__content-emoji"
        key="550"
        value="fish_cake"
      >
        🍥
      </option>
      <option
        className="card__content-emoji"
        key="551"
        value="fortune_cookie"
      >
        🥠
      </option>
      <option
        className="card__content-emoji"
        key="552"
        value="sushi"
      >
        🍣
      </option>
      <option
        className="card__content-emoji"
        key="553"
        value="bento"
      >
        🍱
      </option>
      <option
        className="card__content-emoji"
        key="554"
        value="curry"
      >
        🍛
      </option>
      <option
        className="card__content-emoji"
        key="555"
        value="rice_ball"
      >
        🍙
      </option>
      <option
        className="card__content-emoji"
        key="556"
        value="rice"
      >
        🍚
      </option>
      <option
        className="card__content-emoji"
        key="557"
        value="rice_cracker"
      >
        🍘
      </option>
      <option
        className="card__content-emoji"
        key="558"
        value="oden"
      >
        🍢
      </option>
      <option
        className="card__content-emoji"
        key="559"
        value="dango"
      >
        🍡
      </option>
      <option
        className="card__content-emoji"
        key="560"
        value="shaved_ice"
      >
        🍧
      </option>
      <option
        className="card__content-emoji"
        key="561"
        value="ice_cream"
      >
        🍨
      </option>
      <option
        className="card__content-emoji"
        key="562"
        value="icecream"
      >
        🍦
      </option>
      <option
        className="card__content-emoji"
        key="563"
        value="pie"
      >
        🥧
      </option>
      <option
        className="card__content-emoji"
        key="564"
        value="cake"
      >
        🍰
      </option>
      <option
        className="card__content-emoji"
        key="565"
        value="birthday"
      >
        🎂
      </option>
      <option
        className="card__content-emoji"
        key="566"
        value="custard"
      >
        🍮
      </option>
      <option
        className="card__content-emoji"
        key="567"
        value="candy"
      >
        🍬
      </option>
      <option
        className="card__content-emoji"
        key="568"
        value="lollipop"
      >
        🍭
      </option>
      <option
        className="card__content-emoji"
        key="569"
        value="chocolate_bar"
      >
        🍫
      </option>
      <option
        className="card__content-emoji"
        key="570"
        value="popcorn"
      >
        🍿
      </option>
      <option
        className="card__content-emoji"
        key="571"
        value="dumpling"
      >
        🥟
      </option>
      <option
        className="card__content-emoji"
        key="572"
        value="doughnut"
      >
        🍩
      </option>
      <option
        className="card__content-emoji"
        key="573"
        value="cookie"
      >
        🍪
      </option>
      <option
        className="card__content-emoji"
        key="574"
        value="milk_glass"
      >
        🥛
      </option>
      <option
        className="card__content-emoji"
        key="575"
        value="beer"
      >
        🍺
      </option>
      <option
        className="card__content-emoji"
        key="576"
        value="beers"
      >
        🍻
      </option>
      <option
        className="card__content-emoji"
        key="577"
        value="clinking_glasses"
      >
        🥂
      </option>
      <option
        className="card__content-emoji"
        key="578"
        value="wine_glass"
      >
        🍷
      </option>
      <option
        className="card__content-emoji"
        key="579"
        value="tumbler_glass"
      >
        🥃
      </option>
      <option
        className="card__content-emoji"
        key="580"
        value="cocktail"
      >
        🍸
      </option>
      <option
        className="card__content-emoji"
        key="581"
        value="tropical_drink"
      >
        🍹
      </option>
      <option
        className="card__content-emoji"
        key="582"
        value="champagne"
      >
        🍾
      </option>
      <option
        className="card__content-emoji"
        key="583"
        value="sake"
      >
        🍶
      </option>
      <option
        className="card__content-emoji"
        key="584"
        value="tea"
      >
        🍵
      </option>
      <option
        className="card__content-emoji"
        key="585"
        value="cup_with_straw"
      >
        🥤
      </option>
      <option
        className="card__content-emoji"
        key="586"
        value="coffee"
      >
        ☕
      </option>
      <option
        className="card__content-emoji"
        key="587"
        value="baby_bottle"
      >
        🍼
      </option>
      <option
        className="card__content-emoji"
        key="588"
        value="spoon"
      >
        🥄
      </option>
      <option
        className="card__content-emoji"
        key="589"
        value="fork_and_knife"
      >
        🍴
      </option>
      <option
        className="card__content-emoji"
        key="590"
        value="plate_with_cutlery"
      >
        🍽
      </option>
      <option
        className="card__content-emoji"
        key="591"
        value="bowl_with_spoon"
      >
        🥣
      </option>
      <option
        className="card__content-emoji"
        key="592"
        value="takeout_box"
      >
        🥡
      </option>
      <option
        className="card__content-emoji"
        key="593"
        value="chopsticks"
      >
        🥢
      </option>
      <option
        className="card__content-emoji"
        key="594"
        value="soccer"
      >
        ⚽
      </option>
      <option
        className="card__content-emoji"
        key="595"
        value="basketball"
      >
        🏀
      </option>
      <option
        className="card__content-emoji"
        key="596"
        value="football"
      >
        🏈
      </option>
      <option
        className="card__content-emoji"
        key="597"
        value="baseball"
      >
        ⚾
      </option>
      <option
        className="card__content-emoji"
        key="598"
        value="tennis"
      >
        🎾
      </option>
      <option
        className="card__content-emoji"
        key="599"
        value="volleyball"
      >
        🏐
      </option>
      <option
        className="card__content-emoji"
        key="600"
        value="shopping"
      >
        🛍
      </option>
      <option
        className="card__content-emoji"
        key="601"
        value="shopping_cart"
      >
        🛒
      </option>
      <option
        className="card__content-emoji"
        key="602"
        value="balloon"
      >
        🎈
      </option>
      <option
        className="card__content-emoji"
        key="603"
        value="flags"
      >
        🎏
      </option>
      <option
        className="card__content-emoji"
        key="604"
        value="ribbon"
      >
        🎀
      </option>
      <option
        className="card__content-emoji"
        key="605"
        value="gift"
      >
        🎁
      </option>
      <option
        className="card__content-emoji"
        key="606"
        value="confetti_ball"
      >
        🎊
      </option>
      <option
        className="card__content-emoji"
        key="607"
        value="tada"
      >
        🎉
      </option>
      <option
        className="card__content-emoji"
        key="608"
        value="dolls"
      >
        🎎
      </option>
      <option
        className="card__content-emoji"
        key="609"
        value="wind_chime"
      >
        🎐
      </option>
      <option
        className="card__content-emoji"
        key="610"
        value="crossed_flags"
      >
        🎌
      </option>
      <option
        className="card__content-emoji"
        key="611"
        value="izakaya_lantern"
      >
        🏮
      </option>
      <option
        className="card__content-emoji"
        key="612"
        value="email"
      >
        ✉️
      </option>
      <option
        className="card__content-emoji"
        key="613"
        value="envelope_with_arrow"
      >
        📩
      </option>
      <option
        className="card__content-emoji"
        key="614"
        value="incoming_envelope"
      >
        📨
      </option>
      <option
        className="card__content-emoji"
        key="615"
        value="e-mail"
      >
        📧
      </option>
      <option
        className="card__content-emoji"
        key="616"
        value="love_letter"
      >
        💌
      </option>
      <option
        className="card__content-emoji"
        key="617"
        value="postbox"
      >
        📮
      </option>
      <option
        className="card__content-emoji"
        key="618"
        value="mailbox_closed"
      >
        📪
      </option>
      <option
        className="card__content-emoji"
        key="619"
        value="mailbox"
      >
        📫
      </option>
      <option
        className="card__content-emoji"
        key="620"
        value="mailbox_with_mail"
      >
        📬
      </option>
      <option
        className="card__content-emoji"
        key="621"
        value="mailbox_with_no_mail"
      >
        📭
      </option>
      <option
        className="card__content-emoji"
        key="622"
        value="package"
      >
        📦
      </option>
      <option
        className="card__content-emoji"
        key="623"
        value="postal_horn"
      >
        📯
      </option>
      <option
        className="card__content-emoji"
        key="624"
        value="inbox_tray"
      >
        📥
      </option>
      <option
        className="card__content-emoji"
        key="625"
        value="outbox_tray"
      >
        📤
      </option>
      <option
        className="card__content-emoji"
        key="626"
        value="scroll"
      >
        📜
      </option>
      <option
        className="card__content-emoji"
        key="627"
        value="page_with_curl"
      >
        📃
      </option>
      <option
        className="card__content-emoji"
        key="628"
        value="bookmark_tabs"
      >
        📑
      </option>
      <option
        className="card__content-emoji"
        key="629"
        value="bar_chart"
      >
        📊
      </option>
      <option
        className="card__content-emoji"
        key="630"
        value="chart_with_upwards_trend"
      >
        📈
      </option>
      <option
        className="card__content-emoji"
        key="631"
        value="chart_with_downwards_trend"
      >
        📉
      </option>
      <option
        className="card__content-emoji"
        key="632"
        value="page_facing_up"
      >
        📄
      </option>
      <option
        className="card__content-emoji"
        key="633"
        value="date"
      >
        📅
      </option>
      <option
        className="card__content-emoji"
        key="634"
        value="calendar"
      >
        📆
      </option>
      <option
        className="card__content-emoji"
        key="635"
        value="spiral_calendar"
      >
        🗓
      </option>
      <option
        className="card__content-emoji"
        key="636"
        value="card_index"
      >
        📇
      </option>
      <option
        className="card__content-emoji"
        key="637"
        value="card_file_box"
      >
        🗃
      </option>
      <option
        className="card__content-emoji"
        key="638"
        value="ballot_box"
      >
        🗳
      </option>
      <option
        className="card__content-emoji"
        key="639"
        value="file_cabinet"
      >
        🗄
      </option>
      <option
        className="card__content-emoji"
        key="640"
        value="clipboard"
      >
        📋
      </option>
      <option
        className="card__content-emoji"
        key="641"
        value="spiral_notepad"
      >
        🗒
      </option>
      <option
        className="card__content-emoji"
        key="642"
        value="file_folder"
      >
        📁
      </option>
      <option
        className="card__content-emoji"
        key="643"
        value="open_file_folder"
      >
        📂
      </option>
      <option
        className="card__content-emoji"
        key="644"
        value="card_index_dividers"
      >
        🗂
      </option>
      <option
        className="card__content-emoji"
        key="645"
        value="newspaper_roll"
      >
        🗞
      </option>
      <option
        className="card__content-emoji"
        key="646"
        value="newspaper"
      >
        📰
      </option>
      <option
        className="card__content-emoji"
        key="647"
        value="notebook"
      >
        📓
      </option>
      <option
        className="card__content-emoji"
        key="648"
        value="closed_book"
      >
        📕
      </option>
      <option
        className="card__content-emoji"
        key="649"
        value="green_book"
      >
        📗
      </option>
      <option
        className="card__content-emoji"
        key="650"
        value="blue_book"
      >
        📘
      </option>
      <option
        className="card__content-emoji"
        key="651"
        value="orange_book"
      >
        📙
      </option>
      <option
        className="card__content-emoji"
        key="652"
        value="notebook_with_decorative_cover"
      >
        📔
      </option>
      <option
        className="card__content-emoji"
        key="653"
        value="ledger"
      >
        📒
      </option>
      <option
        className="card__content-emoji"
        key="654"
        value="books"
      >
        📚
      </option>
      <option
        className="card__content-emoji"
        key="655"
        value="open_book"
      >
        📖
      </option>
      <option
        className="card__content-emoji"
        key="656"
        value="link"
      >
        🔗
      </option>
      <option
        className="card__content-emoji"
        key="657"
        value="paperclip"
      >
        📎
      </option>
      <option
        className="card__content-emoji"
        key="658"
        value="paperclips"
      >
        🖇
      </option>
      <option
        className="card__content-emoji"
        key="659"
        value="scissors"
      >
        ✂️
      </option>
      <option
        className="card__content-emoji"
        key="660"
        value="triangular_ruler"
      >
        📐
      </option>
      <option
        className="card__content-emoji"
        key="661"
        value="straight_ruler"
      >
        📏
      </option>
      <option
        className="card__content-emoji"
        key="662"
        value="pushpin"
      >
        📌
      </option>
      <option
        className="card__content-emoji"
        key="663"
        value="round_pushpin"
      >
        📍
      </option>
      <option
        className="card__content-emoji"
        key="664"
        value="triangular_flag_on_post"
      >
        🚩
      </option>
      <option
        className="card__content-emoji"
        key="665"
        value="white_flag"
      >
        🏳
      </option>
      <option
        className="card__content-emoji"
        key="666"
        value="black_flag"
      >
        🏴
      </option>
      <option
        className="card__content-emoji"
        key="667"
        value="rainbow_flag"
      >
        🏳️‍🌈
      </option>
      <option
        className="card__content-emoji"
        key="668"
        value="closed_lock_with_key"
      >
        🔐
      </option>
      <option
        className="card__content-emoji"
        key="669"
        value="lock"
      >
        🔒
      </option>
      <option
        className="card__content-emoji"
        key="670"
        value="unlock"
      >
        🔓
      </option>
      <option
        className="card__content-emoji"
        key="671"
        value="lock_with_ink_pen"
      >
        🔏
      </option>
      <option
        className="card__content-emoji"
        key="672"
        value="pen"
      >
        🖊
      </option>
      <option
        className="card__content-emoji"
        key="673"
        value="fountain_pen"
      >
        🖋
      </option>
      <option
        className="card__content-emoji"
        key="674"
        value="black_nib"
      >
        ✒️
      </option>
      <option
        className="card__content-emoji"
        key="675"
        value="memo"
      >
        📝
      </option>
      <option
        className="card__content-emoji"
        key="676"
        value="pencil2"
      >
        ✏️
      </option>
      <option
        className="card__content-emoji"
        key="677"
        value="crayon"
      >
        🖍
      </option>
      <option
        className="card__content-emoji"
        key="678"
        value="paintbrush"
      >
        🖌
      </option>
      <option
        className="card__content-emoji"
        key="679"
        value="mag"
      >
        🔍
      </option>
      <option
        className="card__content-emoji"
        key="680"
        value="mag_right"
      >
        🔎
      </option>
      <option
        className="card__content-emoji"
        key="681"
        value="heart"
      >
        ❤️
      </option>
      <option
        className="card__content-emoji"
        key="682"
        value="orange_heart"
      >
        🧡
      </option>
      <option
        className="card__content-emoji"
        key="683"
        value="yellow_heart"
      >
        💛
      </option>
      <option
        className="card__content-emoji"
        key="684"
        value="green_heart"
      >
        💚
      </option>
      <option
        className="card__content-emoji"
        key="685"
        value="blue_heart"
      >
        💙
      </option>
      <option
        className="card__content-emoji"
        key="686"
        value="purple_heart"
      >
        💜
      </option>
      <option
        className="card__content-emoji"
        key="687"
        value="black_heart"
      >
        🖤
      </option>
      <option
        className="card__content-emoji"
        key="688"
        value="broken_heart"
      >
        💔
      </option>
      <option
        className="card__content-emoji"
        key="689"
        value="heavy_heart_exclamation"
      >
        ❣
      </option>
      <option
        className="card__content-emoji"
        key="690"
        value="two_hearts"
      >
        💕
      </option>
      <option
        className="card__content-emoji"
        key="691"
        value="revolving_hearts"
      >
        💞
      </option>
      <option
        className="card__content-emoji"
        key="692"
        value="heartbeat"
      >
        💓
      </option>
      <option
        className="card__content-emoji"
        key="693"
        value="heartpulse"
      >
        💗
      </option>
      <option
        className="card__content-emoji"
        key="694"
        value="sparkling_heart"
      >
        💖
      </option>
      <option
        className="card__content-emoji"
        key="695"
        value="cupid"
      >
        💘
      </option>
      <option
        className="card__content-emoji"
        key="696"
        value="gift_heart"
      >
        💝
      </option>
      <option
        className="card__content-emoji"
        key="697"
        value="heart_decoration"
      >
        💟
      </option>
      <option
        className="card__content-emoji"
        key="698"
        value="peace_symbol"
      >
        ☮
      </option>
    </select>
    <textarea
      className="new-card__content-text"
      name="text"
      onChange={[Function]}
      rows="5"
      type="text"
      value="Type here to add a new post-it!"
    />
    <button
      className="new-card-form__form-button"
      onClick={[Function]}
    >
      Add Card
    </button>
  </section>
</article>
`;
